
> nexus-be-lean@0.0.0 build
> vite build

[36mvite v5.4.21 [32mbuilding for production...[36m[39m
transforming...
[32mÔ£ô[39m 14 modules transformed.
npm : [31mx[39m Build failed in 1.69s
En línea: 1 Carácter: 99
+ ... ity\node_portable;" + $env:Path; npm run build > build_error.log 2>&1
+                                      ~~~~~~~~~~~~~~~~~~~~~~~~~~~~~~~~~~~~
    + CategoryInfo          : NotSpecified: ([31mx[39m Build failed in 1.69s:String) [], RemoteException
    + FullyQualifiedErrorId : NativeCommandError
 
[31merror during build:
[31m[vite:css] [postcss] It looks like you're trying to use `tailwindcss` directly as a PostCSS plugin. The PostCSS 
plugin has moved to a separate package, so to continue using Tailwind CSS with PostCSS you'll need to install 
`@tailwindcss/postcss` and update your PostCSS configuration.[31m
file: [36mC:/Users/ariel.mella/OneDrive - CIAL 
Alimentos/Escritorio/respaldo/Antigravity/nexus-be-lean/src/index.css:undefined:NaN[31m
    at lt (C:\Users\ariel.mella\OneDrive - CIAL 
Alimentos\Escritorio\respaldo\Antigravity\nexus-be-lean\node_modules\tailwindcss\dist\lib.js:38:1643)
    at LazyResult.runOnRoot (C:\Users\ariel.mella\OneDrive - CIAL 
Alimentos\Escritorio\respaldo\Antigravity\nexus-be-lean\node_modules\postcss\lib\lazy-result.js:361:16)
    at LazyResult.runAsync (C:\Users\ariel.mella\OneDrive - CIAL 
Alimentos\Escritorio\respaldo\Antigravity\nexus-be-lean\node_modules\postcss\lib\lazy-result.js:290:26)
    at async compileCSS (file:///C:/Users/ariel.mella/OneDrive%20-%20CIAL%20Alimentos/Escritorio/respaldo/Antigravity/n
exus-be-lean/node_modules/vite/dist/node/chunks/dep-BK3b2jBa.js:36898:21)
    at async Object.transform (file:///C:/Users/ariel.mella/OneDrive%20-%20CIAL%20Alimentos/Escritorio/respaldo/Antigra
vity/nexus-be-lean/node_modules/vite/dist/node/chunks/dep-BK3b2jBa.js:36171:11)
    at async transform (file:///C:/Users/ariel.mella/OneDrive%20-%20CIAL%20Alimentos/Escritorio/respaldo/Antigravity/ne
xus-be-lean/node_modules/rollup/dist/es/shared/node-entry.js:21201:16)
    at async ModuleLoader.addModuleSource (file:///C:/Users/ariel.mella/OneDrive%20-%20CIAL%20Alimentos/Escritorio/resp
aldo/Antigravity/nexus-be-lean/node_modules/rollup/dist/es/shared/node-entry.js:21415:36)[39m
